// Jest Snapshot v1, https://goo.gl/fbAQLP

exports[`EvolutionChainList renders empty when no data is provided 1`] = `<div />`;
