// Jest Snapshot v1, https://goo.gl/fbAQLP

exports[`PokemonList renders empty list 1`] = `
<div>
  <div
    class="makeStyles-list-1"
    style="position: relative; height: 400px; overflow: auto; will-change: transform; direction: ltr;"
  >
    <div
      style="height: 0px; width: 100%;"
    />
  </div>
</div>
`;
